
> my-v0-project@0.1.0 build
> next build

   Ôû▓ Next.js 15.5.14
   - Environments: .env.local

   Creating an optimized production build ...
node.exe : Failed to 
compile.
At C:\Program 
Files\nodejs\npm.ps1:29 
char:3
+   & $NODE_EXE 
$NPM_CLI_JS $args
+   ~~~~~~~~~~~~~~~~~~~~~~
~~~~~~~
    + CategoryInfo        
      : NotSpecifi    ed: 
(Failed to com    
pile.:String) [],     
RemoteException
    + FullyQualifiedEr    
rorId : NativeComm    
andError
 

./components/ContactMessag
es.tsx
Error:   [31mx[0m 
Invalid character in 
identifier
     ,-[[36;1;4mC:\Users\
HP\Documents\Next 
Projects\SENLAIN 
PROJECTS\Miss Malawi v2\co
mponents\ContactMessages.t
sx[0m:256:1]
 [2m253[0m |            
   )}
 [2m254[0m |            
 </div>
 [2m255[0m |            
 <div className="flex 
items-center gap-2">
 [2m256[0m |            
   <Button 
variant="ghost" 
size="icon" 
className="text-red-500 
hover:bg-red-50" 
onClick={() => 
selectedMessage 
\u0026\u0026 handleDelete(
selectedMessage.id)}>
     : [35;1m            
                          
                          
                          
                          
      ^^^^^^[0m
 [2m257[0m |            
     <Trash2 
className="h-5 w-5" />
 [2m258[0m |            
   </Button>
 [2m259[0m |            
 </div>
     `----
  [31mx[0m Invalid 
character in identifier
     ,-[[36;1;4mC:\Users\
HP\Documents\Next 
Projects\SENLAIN 
PROJECTS\Miss Malawi v2\co
mponents\ContactMessages.t
sx[0m:256:1]
 [2m253[0m |            
   )}
 [2m254[0m |            
 </div>
 [2m255[0m |            
 <div className="flex 
items-center gap-2">
 [2m256[0m |            
   <Button 
variant="ghost" 
size="icon" 
className="text-red-500 
hover:bg-red-50" 
onClick={() => 
selectedMessage 
\u0026\u0026 handleDelete(
selectedMessage.id)}>
     : [35;1m            
                          
                          
                          
                          
            ^^^^^^[0m
 [2m257[0m |            
     <Trash2 
className="h-5 w-5" />
 [2m258[0m |            
   </Button>
 [2m259[0m |            
 </div>
     `----
  [31mx[0m Expected 
'</', got '&&'
     ,-[[36;1;4mC:\Users\
HP\Documents\Next 
Projects\SENLAIN 
PROJECTS\Miss Malawi v2\co
mponents\ContactMessages.t
sx[0m:256:1]
 [2m253[0m |            
   )}
 [2m254[0m |            
 </div>
 [2m255[0m |            
 <div className="flex 
items-center gap-2">
 [2m256[0m |            
   <Button 
variant="ghost" 
size="icon" 
className="text-red-500 
hover:bg-red-50" 
onClick={() => 
selectedMessage 
\u0026\u0026 handleDelete(
selectedMessage.id)}>
     : [35;1m            
                          
                          
                          
                          
      ^^^^^^^^^^^^[0m
 [2m257[0m |            
     <Trash2 
className="h-5 w-5" />
 [2m258[0m |            
   </Button>
 [2m259[0m |            
 </div>
     `----

Caused by:
    Syntax Error

Import trace for 
requested module:
./components/ContactMessag
es.tsx
./app/admin/page.tsx

./components/ProfilePage.t
sx
Error:   [31mx[0m 
Invalid character in 
identifier
     ,-[[36;1;4mC:\Users\
HP\Documents\Next 
Projects\SENLAIN 
PROJECTS\Miss Malawi v2\co
mponents\ProfilePage.tsx[
0m:255:1]
 [2m252[0m |   const 
isActive = activeTab === 
value;
 [2m253[0m |   return (
 [2m254[0m |     
<button 
 [2m255[0m |       
onClick={() => 
setActiveTab \u0026\u0026 
setActiveTab(value)}
     : [35;1m            
                      
^^^^^^[0m
 [2m256[0m |       
className={`${className} 
${isActive ? 'bg-white 
shadow-sm' : ''}`}
 [2m257[0m |       
data-state={isActive ? 
"active" : "inactive"}
 [2m258[0m |     >
     `----
  [31mx[0m Invalid 
character in identifier
     ,-[[36;1;4mC:\Users\
HP\Documents\Next 
Projects\SENLAIN 
PROJECTS\Miss Malawi v2\co
mponents\ProfilePage.tsx[
0m:255:1]
 [2m252[0m |   const 
isActive = activeTab === 
value;
 [2m253[0m |   return (
 [2m254[0m |     
<button 
 [2m255[0m |       
onClick={() => 
setActiveTab \u0026\u0026 
setActiveTab(value)}
     : [35;1m            
                          
  ^^^^^^[0m
 [2m256[0m |       
className={`${className} 
${isActive ? 'bg-white 
shadow-sm' : ''}`}
 [2m257[0m |       
data-state={isActive ? 
"active" : "inactive"}
 [2m258[0m |     >
     `----
  [31mx[0m Expected 
'}', got '&&'
     ,-[[36;1;4mC:\Users\
HP\Documents\Next 
Projects\SENLAIN 
PROJECTS\Miss Malawi v2\co
mponents\ProfilePage.tsx[
0m:255:1]
 [2m252[0m |   const 
isActive = activeTab === 
value;
 [2m253[0m |   return (
 [2m254[0m |     
<button 
 [2m255[0m |       
onClick={() => 
setActiveTab \u0026\u0026 
setActiveTab(value)}
     : [35;1m            
                      
^^^^^^^^^^^^[0m
 [2m256[0m |       
className={`${className} 
${isActive ? 'bg-white 
shadow-sm' : ''}`}
 [2m257[0m |       
data-state={isActive ? 
"active" : "inactive"}
 [2m258[0m |     >
     `----

Caused by:
    Syntax Error

Import trace for 
requested module:
./components/ProfilePage.t
sx
./app/admin/page.tsx


> Build failed because of 
webpack errors
